0,1,0,2,2,0,5,2,0,8,8,6,0,12,8,6,0,16,16,15,0,16,16,15,0,15,0,26,26,15,0,26,26,13,6,2,0,15,0,38,38,15,0,38,15,
0,1,0,2,2,0,5,2,0,8,8,6,0,12,8,6,0,16,16,15,0,16,16,15,0,15,0,26,26,15,0,26,26,13,6,2,0,15,0,38,38,15,0,38,15,0,
0,1,0,2,2,0,5,2,0,8,8,6,0,12,8,6,0,16,16,15,0,16,16,15,0,15,0,26,26,15,0,26,26,13,6,2,0,15,0,38,38,15,0,38,15,0,45,
0,1,0,2,2,0,5,2,0,8,8,6,0,12,8,6,0,16,16,15,0,16,16,15,0,15,0,26,26,15,0,26,26,13,6,2,0,15,0,38,38,15,0,38,15,0,44,
0,1,0,2,2,0,5,2,0,8,8,6,0,12,8,6,0,16,16,15,0,16,16,15,0,15,0,26,26,15,0,26,26,13,6,2,0,15,0,38,38,15,0,38,15,0,43,
0,1,0,2,2,0,5,2,0,8,8,6,0,12,8,6,0,16,16,15,0,16,16,15,0,15,0,26,26,15,0,26,26,13,6,2,0,15,0,38,38,15,0,38,15,0,0,
0,1,0,2,2,0,5,2,0,8,8,6,0,12,8,6,0,16,16,15,0,16,16,15,0,15,0,26,26,15,0,26,26,13,6,2,0,15,0,38,38,15,0,38,15,0,45,44,
0,1,0,2,2,0,5,2,0,8,8,6,0,12,8,6,0,16,16,15,0,16,16,15,0,15,0,26,26,15,0,26,26,13,6,2,0,15,0,38,38,15,0,38,15,0,45,43,
0,1,0,2,2,0,5,2,0,8,8,6,0,12,8,6,0,16,16,15,0,16,16,15,0,15,0,26,26,15,0,26,26,13,6,2,0,15,0,38,38,15,0,38,15,0,45,43,15,
0,1,0,2,2,0,5,2,0,8,8,6,0,12,8,6,0,16,16,15,0,16,16,15,0,15,0,26,26,15,0,26,26,13,6,2,0,15,0,38,38,15,0,38,15,0,45,45,
0,1,0,2,2,0,5,2,0,8,8,6,0,12,8,6,0,16,16,15,0,16,16,15,0,15,0,26,26,15,0,26,26,13,6,2,0,15,0,38,38,15,0,38,15,0,45,0,
0,1,0,2,2,0,5,2,0,8,8,6,0,12,8,6,0,16,16,15,0,16,16,15,0,15,0,26,26,15,0,26,26,13,6,2,0,15,0,38,38,15,0,38,15,0,45,43,15,0,
0,1,0,2,2,0,5,2,0,8,8,6,0,12,8,6,0,16,16,15,0,16,16,15,0,15,0,26,26,15,0,26,26,13,6,2,0,15,0,38,38,15,0,38,15,0,45,45,13,
0,1,0,2,2,0,5,2,0,8,8,6,0,12,8,6,0,16,16,15,0,16,16,15,0,15,0,26,26,15,0,26,26,13,6,2,0,15,0,38,38,15,0,38,15,0,45,43,15,0,49,
0,1,0,2,2,0,5,2,0,8,8,6,0,12,8,6,0,16,16,15,0,16,16,15,0,15,0,26,26,15,0,26,26,13,6,2,0,15,0,38,38,15,0,38,15,0,45,0,38,
0,1,0,2,2,0,5,2,0,8,8,6,0,12,8,6,0,16,16,15,0,16,16,15,0,15,0,26,26,15,0,26,26,13,6,2,0,15,0,38,38,15,0,38,15,0,45,45,13,8,
0,1,0,2,2,0,5,2,0,8,8,6,0,12,8,6,0,16,16,15,0,16,16,15,0,15,0,26,26,15,0,26,26,13,6,2,0,15,0,38,38,15,0,38,15,0,45,43,15,0,49,43,
0,1,0,2,2,0,5,2,0,8,8,6,0,12,8,6,0,16,16,15,0,16,16,15,0,15,0,26,26,15,0,26,26,13,6,2,0,15,0,38,38,15,0,38,15,0,45,45,13,8,6,
0,1,0,2,2,0,5,2,0,8,8,6,0,12,8,6,0,16,16,15,0,16,16,15,0,15,0,26,26,15,0,26,26,13,6,2,0,15,0,38,38,15,0,38,15,0,45,0,38,15,
0,1,0,2,2,0,5,2,0,8,8,6,0,12,8,6,0,16,16,15,0,16,16,15,0,15,0,26,26,15,0,26,26,13,6,2,0,15,0,38,38,15,0,38,15,0,45,45,13,8,6,0,
0,1,0,2,2,0,5,2,0,8,8,6,0,12,8,6,0,16,16,15,0,16,16,15,0,15,0,26,26,15,0,26,26,13,6,2,0,15,0,38,38,15,0,38,15,0,45,0,38,15,0,
0,1,0,2,2,0,5,2,0,8,8,6,0,12,8,6,0,16,16,15,0,16,16,15,0,15,0,26,26,15,0,26,26,13,6,2,0,15,0,38,38,15,0,38,15,0,45,0,38,15,0,50,
0,1,0,2,2,0,5,2,0,8,8,6,0,12,8,6,0,16,16,15,0,16,16,15,0,15,0,26,26,15,0,26,26,13,6,2,0,15,0,38,38,15,0,38,15,0,44,0,
0,1,0,2,2,0,5,2,0,8,8,6,0,12,8,6,0,16,16,15,0,16,16,15,0,15,0,26,26,15,0,26,26,13,6,2,0,15,0,38,38,15,0,38,15,0,44,0,0,
0,1,0,2,2,0,5,2,0,8,8,6,0,12,8,6,0,16,16,15,0,16,16,15,0,15,0,26,26,15,0,26,26,13,6,2,0,15,0,38,38,15,0,38,15,0,44,0,0,38,
0,1,0,2,2,0,5,2,0,8,8,6,0,12,8,6,0,16,16,15,0,16,16,15,0,15,0,26,26,15,0,26,26,13,6,2,0,15,0,38,38,15,0,38,15,0,44,0,0,38,15,
0,1,0,2,2,0,5,2,0,8,8,6,0,12,8,6,0,16,16,15,0,16,16,15,0,15,0,26,26,15,0,26,26,13,6,2,0,15,0,38,38,15,0,38,15,0,44,0,0,38,15,0,
0,1,0,2,2,0,5,2,0,8,8,6,0,12,8,6,0,16,16,15,0,16,16,15,0,15,0,26,26,15,0,26,26,13,6,2,0,15,0,38,38,15,0,38,15,0,45,0,38,15,0,49,
0,1,0,2,2,0,5,2,0,8,8,6,0,12,8,6,0,16,16,15,0,16,16,15,0,15,0,26,26,15,0,26,26,13,6,2,0,15,0,38,38,15,0,38,15,0,45,0,38,15,0,48,
0,1,0,2,2,0,5,2,0,8,8,6,0,12,8,6,0,16,16,15,0,16,16,15,0,15,0,26,26,15,0,26,26,13,6,2,0,15,0,38,38,15,0,38,15,0,44,0,0,38,14,
0,1,0,2,2,0,5,2,0,8,8,6,0,12,8,6,0,16,16,15,0,16,16,15,0,15,0,26,26,15,0,26,26,13,6,2,0,15,0,38,38,15,0,38,15,0,44,0,0,38,14,6,
0,1,0,2,2,0,5,2,0,8,8,6,0,12,8,6,0,16,16,15,0,16,16,15,0,15,0,26,26,15,0,26,26,13,6,2,0,15,0,38,38,15,0,38,15,0,44,0,0,38,14,0,
0,1,0,2,2,0,5,2,0,8,8,6,0,12,8,6,0,16,16,15,0,16,16,15,0,15,0,26,26,15,0,26,26,13,6,2,0,15,0,38,38,15,0,38,15,0,45,43,15,0,49,0,
0,1,0,2,2,0,5,2,0,8,8,6,0,12,8,6,0,16,16,15,0,16,16,15,0,15,0,26,26,15,0,26,26,13,6,2,0,15,0,38,38,15,0,38,15,0,45,0,38,15,0,0,
0,1,0,2,2,0,5,2,0,8,8,6,0,12,8,6,0,16,16,15,0,16,16,15,0,15,0,26,26,15,0,26,26,13,6,2,0,15,0,38,38,15,0,38,15,0,44,0,0,38,13,
0,1,0,2,2,0,5,2,0,8,8,6,0,12,8,6,0,16,16,15,0,16,16,15,0,15,0,26,26,15,0,26,26,13,6,2,0,15,0,38,38,15,0,38,15,0,44,0,0,38,13,8,
0,1,0,2,2,0,5,2,0,8,8,6,0,12,8,6,0,16,16,15,0,16,16,15,0,15,0,26,26,15,0,26,26,13,6,2,0,15,0,38,38,15,0,38,15,0,44,0,0,38,13,2,
Found smaller nonterminate seq: 0,1,0,2,2,0,5,2,0,8,8,6,0,12,8,6,0,16,16,15,0,16,16,15,0,15,0,26,26,15,0,26,26,13,6,2,0,15,0,38,38,15,0,38,15,0,45,45,13,8,6,0,45,45,13,2,0,56,43,15,0,0,45,45,13,0,65,65,0,68,65,0,71,71,69,0,75,71,69,0,79,79,78,0,79,79,78,0,78,0,89,89,78,0,89,89,76,69,65,0,78,0,101,101,78,0,101,78,0,108,108,76,71,69,0,108,108,76,65,0,119,106,78,0,0,108,108,76,0,128,128,0,131,128,0,134,134,132,0,138,134,132,0,142,142,141,0,142,142,141,0,141,0,152,152,141,0,152,152,139,132,128,0,141,0,164,164,141,0,164,141,0,171,171,139,134,132,0,171,171,139,128,0,182,169,141,0,0,171,171,139,0,191,191,0,194,191,0,197,197,195,0,201,197,195,0,205,205,204,0,205,205,204,0,204,0,215,215,204,0,215,215,202,195,191,0,204,0,227,227,204,0,227,204,0,234,234,202,197,195,0,234,234,202,191,0,245,232,204,0,0,234,234,202,0,254,254,0,257,254,0,260,260,258,0,264,260,258,0,268,268,267,0,268,268,267,0,267,0,278,278,267,0,278,278,265,258,254,0,267,0,290,290,267,0,290,267,0,297,297,265,260,258,0,297,297,265,254,0,308,295,267,0,0,297,297,265,0,317,317,0,320,317,0,323,323,321,0,327,323,321,0,331,331,330,0,331,331,330,0,330,0,341,341,330,0,341,341,328,321,317,0,330,0,353,353,330,0,353,330,0,360,360,328,323,321,0,360,360,328,317,0,371,358,330,0,0,360,360,328,
0,1,0,2,2,0,5,2,0,8,8,6,0,12,8,6,0,16,16,15,0,16,16,15,0,15,0,26,26,15,0,26,26,13,6,2,0,15,0,38,38,15,0,38,15,0,45,43,15,0,48,
0,1,0,2,2,0,5,2,0,8,8,6,0,12,8,6,0,16,16,15,0,16,16,15,0,15,0,26,26,15,0,26,26,13,6,2,0,15,0,38,38,15,0,38,15,0,45,43,15,0,48,0,
0,1,0,2,2,0,5,2,0,8,8,6,0,12,8,6,0,16,16,15,0,16,16,15,0,15,0,26,26,15,0,26,26,13,6,2,0,15,0,38,38,15,0,38,15,0,45,0,38,14,
0,1,0,2,2,0,5,2,0,8,8,6,0,12,8,6,0,16,16,15,0,16,16,15,0,15,0,26,26,15,0,26,26,13,6,2,0,15,0,38,38,15,0,38,15,0,45,0,38,14,6,
0,1,0,2,2,0,5,2,0,8,8,6,0,12,8,6,0,16,16,15,0,16,16,15,0,15,0,26,26,15,0,26,26,13,6,2,0,15,0,38,38,15,0,38,15,0,45,0,38,14,6,0,
Found smaller nonterminate seq: 0,1,0,2,2,0,5,2,0,8,8,6,0,12,8,6,0,16,16,15,0,16,16,15,0,15,0,26,26,15,0,26,26,13,6,2,0,15,0,38,38,15,0,38,15,0,45,45,13,8,6,0,45,45,13,1,0,56,43,15,0,0,45,45,13,0,65,65,0,68,65,0,71,71,69,0,75,71,69,0,79,79,78,0,79,79,78,0,78,0,89,89,78,0,89,89,76,69,65,0,78,0,101,101,78,0,101,78,0,108,108,76,71,69,0,108,108,76,64,0,119,106,78,0,0,108,108,76,0,128,128,0,131,128,0,134,134,132,0,138,134,132,0,142,142,141,0,142,142,141,0,141,0,152,152,141,0,152,152,139,132,128,0,141,0,164,164,141,0,164,141,0,171,171,139,134,132,0,171,171,139,127,0,182,169,141,0,0,171,171,139,0,191,191,0,194,191,0,197,197,195,0,201,197,195,0,205,205,204,0,205,205,204,0,204,0,215,215,204,0,215,215,202,195,191,0,204,0,227,227,204,0,227,204,0,234,234,202,197,195,0,234,234,202,190,0,245,232,204,0,0,234,234,202,0,254,254,0,257,254,0,260,260,258,0,264,260,258,0,268,268,267,0,268,268,267,0,267,0,278,278,267,0,278,278,265,258,254,0,267,0,290,290,267,0,290,267,0,297,297,265,260,258,0,297,297,265,253,0,308,295,267,0,0,297,297,265,0,317,317,0,320,317,0,323,323,321,0,327,323,321,0,331,331,330,0,331,331,330,0,330,0,341,341,330,0,341,341,328,321,317,0,330,0,353,353,330,0,353,330,0,360,360,328,323,321,0,360,360,328,316,0,371,358,330,0,0,360,360,328,
Found smaller nonterminate seq: 0,1,0,2,2,0,5,2,0,8,8,6,0,12,8,6,0,16,16,15,0,16,16,15,0,15,0,26,26,15,0,26,26,13,6,2,0,15,0,38,38,15,0,38,15,0,45,45,13,8,6,0,45,45,13,0,55,55,55,45,43,15,0,55,55,0,65,65,0,68,65,0,71,71,69,0,75,71,69,0,79,79,78,0,79,79,78,0,78,0,89,89,78,0,89,89,76,69,65,0,78,0,101,101,78,0,101,78,0,108,108,76,71,69,0,108,108,76,0,118,118,118,108,106,78,0,118,118,0,128,128,0,131,128,0,134,134,132,0,138,134,132,0,142,142,141,0,142,142,141,0,141,0,152,152,141,0,152,152,139,132,128,0,141,0,164,164,141,0,164,141,0,171,171,139,134,132,0,171,171,139,0,181,181,181,171,169,141,0,181,181,0,191,191,0,194,191,0,197,197,195,0,201,197,195,0,205,205,204,0,205,205,204,0,204,0,215,215,204,0,215,215,202,195,191,0,204,0,227,227,204,0,227,204,0,234,234,202,197,195,0,234,234,202,0,244,244,244,234,232,204,0,244,244,0,254,254,0,257,254,0,260,260,258,0,264,260,258,0,268,268,267,0,268,268,267,0,267,0,278,278,267,0,278,278,265,258,254,0,267,0,290,290,267,0,290,267,0,297,297,265,260,258,0,297,297,265,0,307,307,307,297,295,267,0,307,307,0,317,317,0,320,317,0,323,323,321,0,327,323,321,0,331,331,330,0,331,331,330,0,330,0,341,341,330,0,341,341,328,321,317,0,330,0,353,353,330,0,353,330,0,360,360,328,323,321,0,360,360,328,0,370,370,370,360,358,330,0,370,370,
Found smaller nonterminate seq: 0,1,0,2,2,0,5,2,0,8,8,6,0,12,8,6,0,16,16,15,0,16,16,15,0,15,0,26,26,15,0,26,26,13,6,2,0,15,0,38,38,15,0,38,15,0,45,45,13,8,6,0,45,45,13,0,55,55,55,43,15,0,55,55,43,0,65,65,0,68,65,0,71,71,69,0,75,71,69,0,79,79,78,0,79,79,78,0,78,0,89,89,78,0,89,89,76,69,65,0,78,0,101,101,78,0,101,78,0,108,108,76,71,69,0,108,108,76,0,118,118,118,106,78,0,118,118,106,0,128,128,0,131,128,0,134,134,132,0,138,134,132,0,142,142,141,0,142,142,141,0,141,0,152,152,141,0,152,152,139,132,128,0,141,0,164,164,141,0,164,141,0,171,171,139,134,132,0,171,171,139,0,181,181,181,169,141,0,181,181,169,0,191,191,0,194,191,0,197,197,195,0,201,197,195,0,205,205,204,0,205,205,204,0,204,0,215,215,204,0,215,215,202,195,191,0,204,0,227,227,204,0,227,204,0,234,234,202,197,195,0,234,234,202,0,244,244,244,232,204,0,244,244,232,0,254,254,0,257,254,0,260,260,258,0,264,260,258,0,268,268,267,0,268,268,267,0,267,0,278,278,267,0,278,278,265,258,254,0,267,0,290,290,267,0,290,267,0,297,297,265,260,258,0,297,297,265,0,307,307,307,295,267,0,307,307,295,0,317,317,0,320,317,0,323,323,321,0,327,323,321,0,331,331,330,0,331,331,330,0,330,0,341,341,330,0,341,341,328,321,317,0,330,0,353,353,330,0,353,330,0,360,360,328,323,321,0,360,360,328,0,370,370,370,358,330,0,370,370,358,
Found smaller nonterminate seq: 0,1,0,2,2,0,5,2,0,8,8,6,0,12,8,6,0,16,16,15,0,16,16,15,0,15,0,26,26,15,0,26,26,13,6,2,0,15,0,38,38,15,0,38,15,0,45,45,13,8,6,0,45,45,13,0,55,55,55,43,15,0,45,45,13,0,65,65,0,68,65,0,71,71,69,0,75,71,69,0,79,79,78,0,79,79,78,0,78,0,89,89,78,0,89,89,76,69,65,0,78,0,101,101,78,0,101,78,0,108,108,76,71,69,0,108,108,76,0,118,118,118,106,78,0,108,108,76,0,128,128,0,131,128,0,134,134,132,0,138,134,132,0,142,142,141,0,142,142,141,0,141,0,152,152,141,0,152,152,139,132,128,0,141,0,164,164,141,0,164,141,0,171,171,139,134,132,0,171,171,139,0,181,181,181,169,141,0,171,171,139,0,191,191,0,194,191,0,197,197,195,0,201,197,195,0,205,205,204,0,205,205,204,0,204,0,215,215,204,0,215,215,202,195,191,0,204,0,227,227,204,0,227,204,0,234,234,202,197,195,0,234,234,202,0,244,244,244,232,204,0,234,234,202,0,254,254,0,257,254,0,260,260,258,0,264,260,258,0,268,268,267,0,268,268,267,0,267,0,278,278,267,0,278,278,265,258,254,0,267,0,290,290,267,0,290,267,0,297,297,265,260,258,0,297,297,265,0,307,307,307,295,267,0,297,297,265,0,317,317,0,320,317,0,323,323,321,0,327,323,321,0,331,331,330,0,331,331,330,0,330,0,341,341,330,0,341,341,328,321,317,0,330,0,353,353,330,0,353,330,0,360,360,328,323,321,0,360,360,328,0,370,370,370,358,330,0,360,360,328,
Found smaller nonterminate seq: 0,1,0,2,2,0,5,2,0,8,8,6,0,12,8,6,0,16,16,15,0,16,16,15,0,15,0,26,26,15,0,26,26,13,6,2,0,15,0,38,38,15,0,38,15,0,45,45,13,8,6,0,45,45,13,0,55,55,45,43,15,0,61,55,55,0,65,65,0,68,65,0,71,71,69,0,75,71,69,0,79,79,78,0,79,79,78,0,78,0,89,89,78,0,89,89,76,69,65,0,78,0,101,101,78,0,101,78,0,108,108,76,71,69,0,108,108,76,0,118,118,108,106,78,0,124,118,118,0,128,128,0,131,128,0,134,134,132,0,138,134,132,0,142,142,141,0,142,142,141,0,141,0,152,152,141,0,152,152,139,132,128,0,141,0,164,164,141,0,164,141,0,171,171,139,134,132,0,171,171,139,0,181,181,171,169,141,0,187,181,181,0,191,191,0,194,191,0,197,197,195,0,201,197,195,0,205,205,204,0,205,205,204,0,204,0,215,215,204,0,215,215,202,195,191,0,204,0,227,227,204,0,227,204,0,234,234,202,197,195,0,234,234,202,0,244,244,234,232,204,0,250,244,244,0,254,254,0,257,254,0,260,260,258,0,264,260,258,0,268,268,267,0,268,268,267,0,267,0,278,278,267,0,278,278,265,258,254,0,267,0,290,290,267,0,290,267,0,297,297,265,260,258,0,297,297,265,0,307,307,297,295,267,0,313,307,307,0,317,317,0,320,317,0,323,323,321,0,327,323,321,0,331,331,330,0,331,331,330,0,330,0,341,341,330,0,341,341,328,321,317,0,330,0,353,353,330,0,353,330,0,360,360,328,323,321,0,360,360,328,0,370,370,360,358,330,0,376,370,370,
Found smaller nonterminate seq: 0,1,0,2,2,0,5,2,0,8,8,6,0,12,8,6,0,16,16,15,0,16,16,15,0,15,0,26,26,15,0,26,26,13,6,2,0,15,0,38,38,15,0,38,15,0,45,45,13,8,6,0,45,45,13,0,55,55,45,43,15,0,55,55,0,64,64,0,67,64,0,70,70,68,0,74,70,68,0,78,78,77,0,78,78,77,0,77,0,88,88,77,0,88,88,75,68,64,0,77,0,100,100,77,0,100,77,0,107,107,75,70,68,0,107,107,75,0,117,117,107,105,77,0,117,117,0,126,126,0,129,126,0,132,132,130,0,136,132,130,0,140,140,139,0,140,140,139,0,139,0,150,150,139,0,150,150,137,130,126,0,139,0,162,162,139,0,162,139,0,169,169,137,132,130,0,169,169,137,0,179,179,169,167,139,0,179,179,0,188,188,0,191,188,0,194,194,192,0,198,194,192,0,202,202,201,0,202,202,201,0,201,0,212,212,201,0,212,212,199,192,188,0,201,0,224,224,201,0,224,201,0,231,231,199,194,192,0,231,231,199,0,241,241,231,229,201,0,241,241,0,250,250,0,253,250,0,256,256,254,0,260,256,254,0,264,264,263,0,264,264,263,0,263,0,274,274,263,0,274,274,261,254,250,0,263,0,286,286,263,0,286,263,0,293,293,261,256,254,0,293,293,261,0,303,303,293,291,263,0,303,303,0,312,312,0,315,312,0,318,318,316,0,322,318,316,0,326,326,325,0,326,326,325,0,325,0,336,336,325,0,336,336,323,316,312,0,325,0,348,348,325,0,348,325,0,355,355,323,318,316,0,355,355,323,0,365,365,355,353,325,0,365,365,
Found smaller nonterminate seq: 0,1,0,2,2,0,5,2,0,8,8,6,0,12,8,6,0,16,16,15,0,16,16,15,0,15,0,26,26,15,0,26,26,13,6,2,0,15,0,38,38,15,0,38,15,0,45,45,13,8,6,0,45,45,13,0,55,55,43,15,0,60,55,55,43,0,65,65,0,68,65,0,71,71,69,0,75,71,69,0,79,79,78,0,79,79,78,0,78,0,89,89,78,0,89,89,76,69,65,0,78,0,101,101,78,0,101,78,0,108,108,76,71,69,0,108,108,76,0,118,118,106,78,0,123,118,118,106,0,128,128,0,131,128,0,134,134,132,0,138,134,132,0,142,142,141,0,142,142,141,0,141,0,152,152,141,0,152,152,139,132,128,0,141,0,164,164,141,0,164,141,0,171,171,139,134,132,0,171,171,139,0,181,181,169,141,0,186,181,181,169,0,191,191,0,194,191,0,197,197,195,0,201,197,195,0,205,205,204,0,205,205,204,0,204,0,215,215,204,0,215,215,202,195,191,0,204,0,227,227,204,0,227,204,0,234,234,202,197,195,0,234,234,202,0,244,244,232,204,0,249,244,244,232,0,254,254,0,257,254,0,260,260,258,0,264,260,258,0,268,268,267,0,268,268,267,0,267,0,278,278,267,0,278,278,265,258,254,0,267,0,290,290,267,0,290,267,0,297,297,265,260,258,0,297,297,265,0,307,307,295,267,0,312,307,307,295,0,317,317,0,320,317,0,323,323,321,0,327,323,321,0,331,331,330,0,331,331,330,0,330,0,341,341,330,0,341,341,328,321,317,0,330,0,353,353,330,0,353,330,0,360,360,328,323,321,0,360,360,328,0,370,370,358,330,0,375,370,370,358,
Found smaller nonterminate seq: 0,1,0,2,2,0,5,2,0,8,8,6,0,12,8,6,0,16,16,15,0,16,16,15,0,15,0,26,26,15,0,26,26,13,6,2,0,15,0,38,38,15,0,38,15,0,45,45,13,8,6,0,45,45,13,0,55,55,43,15,0,55,55,43,0,64,64,0,67,64,0,70,70,68,0,74,70,68,0,78,78,77,0,78,78,77,0,77,0,88,88,77,0,88,88,75,68,64,0,77,0,100,100,77,0,100,77,0,107,107,75,70,68,0,107,107,75,0,117,117,105,77,0,117,117,105,0,126,126,0,129,126,0,132,132,130,0,136,132,130,0,140,140,139,0,140,140,139,0,139,0,150,150,139,0,150,150,137,130,126,0,139,0,162,162,139,0,162,139,0,169,169,137,132,130,0,169,169,137,0,179,179,167,139,0,179,179,167,0,188,188,0,191,188,0,194,194,192,0,198,194,192,0,202,202,201,0,202,202,201,0,201,0,212,212,201,0,212,212,199,192,188,0,201,0,224,224,201,0,224,201,0,231,231,199,194,192,0,231,231,199,0,241,241,229,201,0,241,241,229,0,250,250,0,253,250,0,256,256,254,0,260,256,254,0,264,264,263,0,264,264,263,0,263,0,274,274,263,0,274,274,261,254,250,0,263,0,286,286,263,0,286,263,0,293,293,261,256,254,0,293,293,261,0,303,303,291,263,0,303,303,291,0,312,312,0,315,312,0,318,318,316,0,322,318,316,0,326,326,325,0,326,326,325,0,325,0,336,336,325,0,336,336,323,316,312,0,325,0,348,348,325,0,348,325,0,355,355,323,318,316,0,355,355,323,0,365,365,353,325,0,365,365,353,
0,1,0,2,2,0,5,2,0,8,8,6,0,12,8,6,0,16,16,15,0,16,16,15,0,15,0,26,26,15,0,26,26,13,6,2,0,15,0,38,38,15,0,38,15,0,44,0,0,38,13,1,
0,1,0,2,2,0,5,2,0,8,8,6,0,12,8,6,0,16,16,15,0,16,16,15,0,15,0,26,26,15,0,26,26,13,6,2,0,15,0,38,38,15,0,38,15,0,44,0,0,38,13,0,
0,1,0,2,2,0,5,2,0,8,8,6,0,12,8,6,0,16,16,15,0,16,16,15,0,15,0,26,26,15,0,26,26,13,6,2,0,15,0,38,38,15,0,38,15,0,45,43,15,0,47,
0,1,0,2,2,0,5,2,0,8,8,6,0,12,8,6,0,16,16,15,0,16,16,15,0,15,0,26,26,15,0,26,26,13,6,2,0,15,0,38,38,15,0,38,15,0,45,43,15,0,47,15,
0,1,0,2,2,0,5,2,0,8,8,6,0,12,8,6,0,16,16,15,0,16,16,15,0,15,0,26,26,15,0,26,26,13,6,2,0,15,0,38,38,15,0,38,15,0,45,45,13,8,0,
0,1,0,2,2,0,5,2,0,8,8,6,0,12,8,6,0,16,16,15,0,16,16,15,0,15,0,26,26,15,0,26,26,13,6,2,0,15,0,38,38,15,0,38,15,0,45,45,13,8,0,5,
0,1,0,2,2,0,5,2,0,8,8,6,0,12,8,6,0,16,16,15,0,16,16,15,0,15,0,26,26,15,0,26,26,13,6,2,0,15,0,38,38,15,0,38,15,0,45,0,38,14,0,
0,1,0,2,2,0,5,2,0,8,8,6,0,12,8,6,0,16,16,15,0,16,16,15,0,15,0,26,26,15,0,26,26,13,6,2,0,15,0,38,38,15,0,38,15,0,45,0,38,14,0,5,
0,1,0,2,2,0,5,2,0,8,8,6,0,12,8,6,0,16,16,15,0,16,16,15,0,15,0,26,26,15,0,26,26,13,6,2,0,15,0,38,38,15,0,38,15,0,45,45,13,8,0,2,
0,1,0,2,2,0,5,2,0,8,8,6,0,12,8,6,0,16,16,15,0,16,16,15,0,15,0,26,26,15,0,26,26,13,6,2,0,15,0,38,38,15,0,38,15,0,45,45,13,8,0,1,
0,1,0,2,2,0,5,2,0,8,8,6,0,12,8,6,0,16,16,15,0,16,16,15,0,15,0,26,26,15,0,26,26,13,6,2,0,15,0,38,38,15,0,38,15,0,45,45,13,8,0,0,
0,1,0,2,2,0,5,2,0,8,8,6,0,12,8,6,0,16,16,15,0,16,16,15,0,15,0,26,26,15,0,26,26,13,6,2,0,15,0,38,38,15,0,38,15,0,45,45,13,2,
0,1,0,2,2,0,5,2,0,8,8,6,0,12,8,6,0,16,16,15,0,16,16,15,0,15,0,26,26,15,0,26,26,13,6,2,0,15,0,38,38,15,0,38,15,0,45,45,13,2,0,
0,1,0,2,2,0,5,2,0,8,8,6,0,12,8,6,0,16,16,15,0,16,16,15,0,15,0,26,26,15,0,26,26,13,6,2,0,15,0,38,38,15,0,38,15,0,45,45,13,2,0,50,
0,1,0,2,2,0,5,2,0,8,8,6,0,12,8,6,0,16,16,15,0,16,16,15,0,15,0,26,26,15,0,26,26,13,6,2,0,15,0,38,38,15,0,38,15,0,45,0,38,14,0,2,
0,1,0,2,2,0,5,2,0,8,8,6,0,12,8,6,0,16,16,15,0,16,16,15,0,15,0,26,26,15,0,26,26,13,6,2,0,15,0,38,38,15,0,38,15,0,45,43,15,0,47,14,
0,1,0,2,2,0,5,2,0,8,8,6,0,12,8,6,0,16,16,15,0,16,16,15,0,15,0,26,26,15,0,26,26,13,6,2,0,15,0,38,38,15,0,38,15,0,45,0,38,14,0,1,
0,1,0,2,2,0,5,2,0,8,8,6,0,12,8,6,0,16,16,15,0,16,16,15,0,15,0,26,26,15,0,26,26,13,6,2,0,15,0,38,38,15,0,38,15,0,45,0,38,14,0,0,
0,1,0,2,2,0,5,2,0,8,8,6,0,12,8,6,0,16,16,15,0,16,16,15,0,15,0,26,26,15,0,26,26,13,6,2,0,15,0,38,38,15,0,38,15,0,45,0,38,13,
0,1,0,2,2,0,5,2,0,8,8,6,0,12,8,6,0,16,16,15,0,16,16,15,0,15,0,26,26,15,0,26,26,13,6,2,0,15,0,38,38,15,0,38,15,0,45,0,38,13,8,
0,1,0,2,2,0,5,2,0,8,8,6,0,12,8,6,0,16,16,15,0,16,16,15,0,15,0,26,26,15,0,26,26,13,6,2,0,15,0,38,38,15,0,38,15,0,45,0,38,13,8,6,
0,1,0,2,2,0,5,2,0,8,8,6,0,12,8,6,0,16,16,15,0,16,16,15,0,15,0,26,26,15,0,26,26,13,6,2,0,15,0,38,38,15,0,38,15,0,44,0,0,38,0,
0,1,0,2,2,0,5,2,0,8,8,6,0,12,8,6,0,16,16,15,0,16,16,15,0,15,0,26,26,15,0,26,26,13,6,2,0,15,0,38,38,15,0,38,15,0,44,0,0,38,0,12,
0,1,0,2,2,0,5,2,0,8,8,6,0,12,8,6,0,16,16,15,0,16,16,15,0,15,0,26,26,15,0,26,26,13,6,2,0,15,0,38,38,15,0,38,15,0,45,43,15,0,47,13,
0,1,0,2,2,0,5,2,0,8,8,6,0,12,8,6,0,16,16,15,0,16,16,15,0,15,0,26,26,15,0,26,26,13,6,2,0,15,0,38,38,15,0,38,15,0,44,0,0,38,0,6,
0,1,0,2,2,0,5,2,0,8,8,6,0,12,8,6,0,16,16,15,0,16,16,15,0,15,0,26,26,15,0,26,26,13,6,2,0,15,0,38,38,15,0,38,15,0,44,0,0,38,0,0,
0,1,0,2,2,0,5,2,0,8,8,6,0,12,8,6,0,16,16,15,0,16,16,15,0,15,0,26,26,15,0,26,26,13,6,2,0,15,0,38,38,15,0,38,15,0,44,0,0,15,
0,1,0,2,2,0,5,2,0,8,8,6,0,12,8,6,0,16,16,15,0,16,16,15,0,15,0,26,26,15,0,26,26,13,6,2,0,15,0,38,38,15,0,38,15,0,44,0,0,15,0,
0,1,0,2,2,0,5,2,0,8,8,6,0,12,8,6,0,16,16,15,0,16,16,15,0,15,0,26,26,15,0,26,26,13,6,2,0,15,0,38,38,15,0,38,15,0,44,0,0,15,0,50,
0,1,0,2,2,0,5,2,0,8,8,6,0,12,8,6,0,16,16,15,0,16,16,15,0,15,0,26,26,15,0,26,26,13,6,2,0,15,0,38,38,15,0,38,15,0,45,0,38,13,8,0,
0,1,0,2,2,0,5,2,0,8,8,6,0,12,8,6,0,16,16,15,0,16,16,15,0,15,0,26,26,15,0,26,26,13,6,2,0,15,0,38,38,15,0,38,15,0,45,0,38,13,2,
0,1,0,2,2,0,5,2,0,8,8,6,0,12,8,6,0,16,16,15,0,16,16,15,0,15,0,26,26,15,0,26,26,13,6,2,0,15,0,38,38,15,0,38,15,0,45,0,38,13,2,0,
0,1,0,2,2,0,5,2,0,8,8,6,0,12,8,6,0,16,16,15,0,16,16,15,0,15,0,26,26,15,0,26,26,13,6,2,0,15,0,38,38,15,0,38,15,0,44,0,0,15,0,49,
0,1,0,2,2,0,5,2,0,8,8,6,0,12,8,6,0,16,16,15,0,16,16,15,0,15,0,26,26,15,0,26,26,13,6,2,0,15,0,38,38,15,0,38,15,0,44,0,0,15,0,0,
0,1,0,2,2,0,5,2,0,8,8,6,0,12,8,6,0,16,16,15,0,16,16,15,0,15,0,26,26,15,0,26,26,13,6,2,0,15,0,38,38,15,0,38,15,0,45,43,15,0,47,0,
0,1,0,2,2,0,5,2,0,8,8,6,0,12,8,6,0,16,16,15,0,16,16,15,0,15,0,26,26,15,0,26,26,13,6,2,0,15,0,38,38,15,0,38,15,0,45,43,15,0,46,
0,1,0,2,2,0,5,2,0,8,8,6,0,12,8,6,0,16,16,15,0,16,16,15,0,15,0,26,26,15,0,26,26,13,6,2,0,15,0,38,38,15,0,38,15,0,45,43,15,0,46,43,
0,1,0,2,2,0,5,2,0,8,8,6,0,12,8,6,0,16,16,15,0,16,16,15,0,15,0,26,26,15,0,26,26,13,6,2,0,15,0,38,38,15,0,38,15,0,44,0,0,14,
0,1,0,2,2,0,5,2,0,8,8,6,0,12,8,6,0,16,16,15,0,16,16,15,0,15,0,26,26,15,0,26,26,13,6,2,0,15,0,38,38,15,0,38,15,0,44,0,0,14,6,
0,1,0,2,2,0,5,2,0,8,8,6,0,12,8,6,0,16,16,15,0,16,16,15,0,15,0,26,26,15,0,26,26,13,6,2,0,15,0,38,38,15,0,38,15,0,44,0,0,14,6,0,
0,1,0,2,2,0,5,2,0,8,8,6,0,12,8,6,0,16,16,15,0,16,16,15,0,15,0,26,26,15,0,26,26,13,6,2,0,15,0,38,38,15,0,38,15,0,44,0,0,14,0,
0,1,0,2,2,0,5,2,0,8,8,6,0,12,8,6,0,16,16,15,0,16,16,15,0,15,0,26,26,15,0,26,26,13,6,2,0,15,0,38,38,15,0,38,15,0,44,0,0,14,0,5,
0,1,0,2,2,0,5,2,0,8,8,6,0,12,8,6,0,16,16,15,0,16,16,15,0,15,0,26,26,15,0,26,26,13,6,2,0,15,0,38,38,15,0,38,15,0,44,0,0,14,0,2,
0,1,0,2,2,0,5,2,0,8,8,6,0,12,8,6,0,16,16,15,0,16,16,15,0,15,0,26,26,15,0,26,26,13,6,2,0,15,0,38,38,15,0,38,15,0,45,0,38,13,1,
0,1,0,2,2,0,5,2,0,8,8,6,0,12,8,6,0,16,16,15,0,16,16,15,0,15,0,26,26,15,0,26,26,13,6,2,0,15,0,38,38,15,0,38,15,0,45,0,38,13,1,0,
0,1,0,2,2,0,5,2,0,8,8,6,0,12,8,6,0,16,16,15,0,16,16,15,0,15,0,26,26,15,0,26,26,13,6,2,0,15,0,38,38,15,0,38,15,0,44,0,0,14,0,1,
0,1,0,2,2,0,5,2,0,8,8,6,0,12,8,6,0,16,16,15,0,16,16,15,0,15,0,26,26,15,0,26,26,13,6,2,0,15,0,38,38,15,0,38,15,0,44,0,0,14,0,0,
0,1,0,2,2,0,5,2,0,8,8,6,0,12,8,6,0,16,16,15,0,16,16,15,0,15,0,26,26,15,0,26,26,13,6,2,0,15,0,38,38,15,0,38,15,0,44,0,0,13,
0,1,0,2,2,0,5,2,0,8,8,6,0,12,8,6,0,16,16,15,0,16,16,15,0,15,0,26,26,15,0,26,26,13,6,2,0,15,0,38,38,15,0,38,15,0,44,0,0,13,8,
0,1,0,2,2,0,5,2,0,8,8,6,0,12,8,6,0,16,16,15,0,16,16,15,0,15,0,26,26,15,0,26,26,13,6,2,0,15,0,38,38,15,0,38,15,0,44,0,0,13,8,6,
0,1,0,2,2,0,5,2,0,8,8,6,0,12,8,6,0,16,16,15,0,16,16,15,0,15,0,26,26,15,0,26,26,13,6,2,0,15,0,38,38,15,0,38,15,0,45,43,15,0,46,0,
0,1,0,2,2,0,5,2,0,8,8,6,0,12,8,6,0,16,16,15,0,16,16,15,0,15,0,26,26,15,0,26,26,13,6,2,0,15,0,38,38,15,0,38,15,0,44,0,0,13,8,0,
0,1,0,2,2,0,5,2,0,8,8,6,0,12,8,6,0,16,16,15,0,16,16,15,0,15,0,26,26,15,0,26,26,13,6,2,0,15,0,38,38,15,0,38,15,0,44,0,0,13,2,
0,1,0,2,2,0,5,2,0,8,8,6,0,12,8,6,0,16,16,15,0,16,16,15,0,15,0,26,26,15,0,26,26,13,6,2,0,15,0,38,38,15,0,38,15,0,44,0,0,13,2,0,
0,1,0,2,2,0,5,2,0,8,8,6,0,12,8,6,0,16,16,15,0,16,16,15,0,15,0,26,26,15,0,26,26,13,6,2,0,15,0,38,38,15,0,38,15,0,44,0,0,13,1,
0,1,0,2,2,0,5,2,0,8,8,6,0,12,8,6,0,16,16,15,0,16,16,15,0,15,0,26,26,15,0,26,26,13,6,2,0,15,0,38,38,15,0,38,15,0,44,0,0,13,1,0,
0,1,0,2,2,0,5,2,0,8,8,6,0,12,8,6,0,16,16,15,0,16,16,15,0,15,0,26,26,15,0,26,26,13,6,2,0,15,0,38,38,15,0,38,15,0,45,43,15,0,0,
0,1,0,2,2,0,5,2,0,8,8,6,0,12,8,6,0,16,16,15,0,16,16,15,0,15,0,26,26,15,0,26,26,13,6,2,0,15,0,38,38,15,0,38,15,0,45,43,15,0,0,45,
0,1,0,2,2,0,5,2,0,8,8,6,0,12,8,6,0,16,16,15,0,16,16,15,0,15,0,26,26,15,0,26,26,13,6,2,0,15,0,38,38,15,0,38,15,0,45,0,38,13,0,
0,1,0,2,2,0,5,2,0,8,8,6,0,12,8,6,0,16,16,15,0,16,16,15,0,15,0,26,26,15,0,26,26,13,6,2,0,15,0,38,38,15,0,38,15,0,45,0,38,13,0,51,
0,1,0,2,2,0,5,2,0,8,8,6,0,12,8,6,0,16,16,15,0,16,16,15,0,15,0,26,26,15,0,26,26,13,6,2,0,15,0,38,38,15,0,38,15,0,45,0,38,13,0,50,
0,1,0,2,2,0,5,2,0,8,8,6,0,12,8,6,0,16,16,15,0,16,16,15,0,15,0,26,26,15,0,26,26,13,6,2,0,15,0,38,38,15,0,38,15,0,44,0,0,13,0,
0,1,0,2,2,0,5,2,0,8,8,6,0,12,8,6,0,16,16,15,0,16,16,15,0,15,0,26,26,15,0,26,26,13,6,2,0,15,0,38,38,15,0,38,15,0,44,0,0,13,0,51,
0,1,0,2,2,0,5,2,0,8,8,6,0,12,8,6,0,16,16,15,0,16,16,15,0,15,0,26,26,15,0,26,26,13,6,2,0,15,0,38,38,15,0,38,15,0,44,0,0,13,0,50,
0,1,0,2,2,0,5,2,0,8,8,6,0,12,8,6,0,16,16,15,0,16,16,15,0,15,0,26,26,15,0,26,26,13,6,2,0,15,0,38,38,15,0,38,15,0,44,0,0,13,0,49,
0,1,0,2,2,0,5,2,0,8,8,6,0,12,8,6,0,16,16,15,0,16,16,15,0,15,0,26,26,15,0,26,26,13,6,2,0,15,0,38,38,15,0,38,15,0,44,0,0,13,0,0,
0,1,0,2,2,0,5,2,0,8,8,6,0,12,8,6,0,16,16,15,0,16,16,15,0,15,0,26,26,15,0,26,26,13,6,2,0,15,0,38,38,15,0,38,15,0,44,0,0,0,
0,1,0,2,2,0,5,2,0,8,8,6,0,12,8,6,0,16,16,15,0,16,16,15,0,15,0,26,26,15,0,26,26,13,6,2,0,15,0,38,38,15,0,38,15,0,44,0,0,0,12,
0,1,0,2,2,0,5,2,0,8,8,6,0,12,8,6,0,16,16,15,0,16,16,15,0,15,0,26,26,15,0,26,26,13,6,2,0,15,0,38,38,15,0,38,15,0,44,0,0,0,12,8,
0,1,0,2,2,0,5,2,0,8,8,6,0,12,8,6,0,16,16,15,0,16,16,15,0,15,0,26,26,15,0,26,26,13,6,2,0,15,0,38,38,15,0,38,15,0,45,43,15,0,0,15,
0,1,0,2,2,0,5,2,0,8,8,6,0,12,8,6,0,16,16,15,0,16,16,15,0,15,0,26,26,15,0,26,26,13,6,2,0,15,0,38,38,15,0,38,15,0,44,0,0,0,12,2,
0,1,0,2,2,0,5,2,0,8,8,6,0,12,8,6,0,16,16,15,0,16,16,15,0,15,0,26,26,15,0,26,26,13,6,2,0,15,0,38,38,15,0,38,15,0,45,43,15,0,0,14,
0,1,0,2,2,0,5,2,0,8,8,6,0,12,8,6,0,16,16,15,0,16,16,15,0,15,0,26,26,15,0,26,26,13,6,2,0,15,0,38,38,15,0,38,15,0,44,0,0,0,12,1,
0,1,0,2,2,0,5,2,0,8,8,6,0,12,8,6,0,16,16,15,0,16,16,15,0,15,0,26,26,15,0,26,26,13,6,2,0,15,0,38,38,15,0,38,15,0,45,43,15,0,0,13,
0,1,0,2,2,0,5,2,0,8,8,6,0,12,8,6,0,16,16,15,0,16,16,15,0,15,0,26,26,15,0,26,26,13,6,2,0,15,0,38,38,15,0,38,15,0,44,0,0,0,12,0,
0,1,0,2,2,0,5,2,0,8,8,6,0,12,8,6,0,16,16,15,0,16,16,15,0,15,0,26,26,15,0,26,26,13,6,2,0,15,0,38,38,15,0,38,15,0,45,0,38,13,0,49,
0,1,0,2,2,0,5,2,0,8,8,6,0,12,8,6,0,16,16,15,0,16,16,15,0,15,0,26,26,15,0,26,26,13,6,2,0,15,0,38,38,15,0,38,15,0,44,0,0,0,6,
0,1,0,2,2,0,5,2,0,8,8,6,0,12,8,6,0,16,16,15,0,16,16,15,0,15,0,26,26,15,0,26,26,13,6,2,0,15,0,38,38,15,0,38,15,0,44,0,0,0,6,0,
0,1,0,2,2,0,5,2,0,8,8,6,0,12,8,6,0,16,16,15,0,16,16,15,0,15,0,26,26,15,0,26,26,13,6,2,0,15,0,38,38,15,0,38,15,0,45,43,15,0,0,0,
0,1,0,2,2,0,5,2,0,8,8,6,0,12,8,6,0,16,16,15,0,16,16,15,0,15,0,26,26,15,0,26,26,13,6,2,0,15,0,38,38,15,0,38,15,0,45,0,38,13,0,48,
0,1,0,2,2,0,5,2,0,8,8,6,0,12,8,6,0,16,16,15,0,16,16,15,0,15,0,26,26,15,0,26,26,13,6,2,0,15,0,38,38,15,0,38,15,0,44,0,0,0,0,
0,1,0,2,2,0,5,2,0,8,8,6,0,12,8,6,0,16,16,15,0,16,16,15,0,15,0,26,26,15,0,26,26,13,6,2,0,15,0,38,38,15,0,38,15,0,44,0,0,0,0,5,
0,1,0,2,2,0,5,2,0,8,8,6,0,12,8,6,0,16,16,15,0,16,16,15,0,15,0,26,26,15,0,26,26,13,6,2,0,15,0,38,38,15,0,38,15,0,45,0,38,13,0,0,
0,1,0,2,2,0,5,2,0,8,8,6,0,12,8,6,0,16,16,15,0,16,16,15,0,15,0,26,26,15,0,26,26,13,6,2,0,15,0,38,38,15,0,38,15,0,45,43,14,
0,1,0,2,2,0,5,2,0,8,8,6,0,12,8,6,0,16,16,15,0,16,16,15,0,15,0,26,26,15,0,26,26,13,6,2,0,15,0,38,38,15,0,38,15,0,45,43,14,6,
0,1,0,2,2,0,5,2,0,8,8,6,0,12,8,6,0,16,16,15,0,16,16,15,0,15,0,26,26,15,0,26,26,13,6,2,0,15,0,38,38,15,0,38,15,0,45,43,14,6,0,
0,1,0,2,2,0,5,2,0,8,8,6,0,12,8,6,0,16,16,15,0,16,16,15,0,15,0,26,26,15,0,26,26,13,6,2,0,15,0,38,38,15,0,38,15,0,45,43,14,6,0,50,
0,1,0,2,2,0,5,2,0,8,8,6,0,12,8,6,0,16,16,15,0,16,16,15,0,15,0,26,26,15,0,26,26,13,6,2,0,15,0,38,38,15,0,38,15,0,44,0,0,0,0,2,
0,1,0,2,2,0,5,2,0,8,8,6,0,12,8,6,0,16,16,15,0,16,16,15,0,15,0,26,26,15,0,26,26,13,6,2,0,15,0,38,38,15,0,38,15,0,44,0,0,0,0,1,
0,1,0,2,2,0,5,2,0,8,8,6,0,12,8,6,0,16,16,15,0,16,16,15,0,15,0,26,26,15,0,26,26,13,6,2,0,15,0,38,38,15,0,38,15,0,44,0,0,0,0,0,
0,1,0,2,2,0,5,2,0,8,8,6,0,12,8,6,0,16,16,15,0,16,16,15,0,15,0,26,26,15,0,26,26,13,6,2,0,15,0,38,38,15,0,38,15,0,43,15,
0,1,0,2,2,0,5,2,0,8,8,6,0,12,8,6,0,16,16,15,0,16,16,15,0,15,0,26,26,15,0,26,26,13,6,2,0,15,0,38,38,15,0,38,15,0,43,15,0,
0,1,0,2,2,0,5,2,0,8,8,6,0,12,8,6,0,16,16,15,0,16,16,15,0,15,0,26,26,15,0,26,26,13,6,2,0,15,0,38,38,15,0,38,15,0,43,15,0,43,
0,1,0,2,2,0,5,2,0,8,8,6,0,12,8,6,0,16,16,15,0,16,16,15,0,15,0,26,26,15,0,26,26,13,6,2,0,15,0,38,38,15,0,38,15,0,43,15,0,43,15,
0,1,0,2,2,0,5,2,0,8,8,6,0,12,8,6,0,16,16,15,0,16,16,15,0,15,0,26,26,15,0,26,26,13,6,2,0,15,0,38,38,15,0,38,15,0,43,15,0,43,15,0,
0,1,0,2,2,0,5,2,0,8,8,6,0,12,8,6,0,16,16,15,0,16,16,15,0,15,0,26,26,15,0,26,26,13,6,2,0,15,0,38,38,15,0,38,15,0,45,0,38,0,
0,1,0,2,2,0,5,2,0,8,8,6,0,12,8,6,0,16,16,15,0,16,16,15,0,15,0,26,26,15,0,26,26,13,6,2,0,15,0,38,38,15,0,38,15,0,45,0,38,0,12,
0,1,0,2,2,0,5,2,0,8,8,6,0,12,8,6,0,16,16,15,0,16,16,15,0,15,0,26,26,15,0,26,26,13,6,2,0,15,0,38,38,15,0,38,15,0,45,0,38,0,12,8,
0,1,0,2,2,0,5,2,0,8,8,6,0,12,8,6,0,16,16,15,0,16,16,15,0,15,0,26,26,15,0,26,26,13,6,2,0,15,0,38,38,15,0,38,15,0,43,15,0,43,14,
0,1,0,2,2,0,5,2,0,8,8,6,0,12,8,6,0,16,16,15,0,16,16,15,0,15,0,26,26,15,0,26,26,13,6,2,0,15,0,38,38,15,0,38,15,0,43,15,0,43,14,6,
0,1,0,2,2,0,5,2,0,8,8,6,0,12,8,6,0,16,16,15,0,16,16,15,0,15,0,26,26,15,0,26,26,13,6,2,0,15,0,38,38,15,0,38,15,0,45,0,38,0,12,2,
0,1,0,2,2,0,5,2,0,8,8,6,0,12,8,6,0,16,16,15,0,16,16,15,0,15,0,26,26,15,0,26,26,13,6,2,0,15,0,38,38,15,0,38,15,0,45,0,38,0,12,1,
0,1,0,2,2,0,5,2,0,8,8,6,0,12,8,6,0,16,16,15,0,16,16,15,0,15,0,26,26,15,0,26,26,13,6,2,0,15,0,38,38,15,0,38,15,0,45,45,13,2,0,49,
0,1,0,2,2,0,5,2,0,8,8,6,0,12,8,6,0,16,16,15,0,16,16,15,0,15,0,26,26,15,0,26,26,13,6,2,0,15,0,38,38,15,0,38,15,0,45,0,38,0,12,0,
0,1,0,2,2,0,5,2,0,8,8,6,0,12,8,6,0,16,16,15,0,16,16,15,0,15,0,26,26,15,0,26,26,13,6,2,0,15,0,38,38,15,0,38,15,0,43,15,0,43,14,0,
0,1,0,2,2,0,5,2,0,8,8,6,0,12,8,6,0,16,16,15,0,16,16,15,0,15,0,26,26,15,0,26,26,13,6,2,0,15,0,38,38,15,0,38,15,0,45,0,38,0,6,
0,1,0,2,2,0,5,2,0,8,8,6,0,12,8,6,0,16,16,15,0,16,16,15,0,15,0,26,26,15,0,26,26,13,6,2,0,15,0,38,38,15,0,38,15,0,45,0,38,0,6,0,
0,1,0,2,2,0,5,2,0,8,8,6,0,12,8,6,0,16,16,15,0,16,16,15,0,15,0,26,26,15,0,26,26,13,6,2,0,15,0,38,38,15,0,38,15,0,43,15,0,43,13,
0,1,0,2,2,0,5,2,0,8,8,6,0,12,8,6,0,16,16,15,0,16,16,15,0,15,0,26,26,15,0,26,26,13,6,2,0,15,0,38,38,15,0,38,15,0,43,15,0,43,13,8,
0,1,0,2,2,0,5,2,0,8,8,6,0,12,8,6,0,16,16,15,0,16,16,15,0,15,0,26,26,15,0,26,26,13,6,2,0,15,0,38,38,15,0,38,15,0,45,0,38,0,0,
0,1,0,2,2,0,5,2,0,8,8,6,0,12,8,6,0,16,16,15,0,16,16,15,0,15,0,26,26,15,0,26,26,13,6,2,0,15,0,38,38,15,0,38,15,0,45,0,38,0,0,5,
0,1,0,2,2,0,5,2,0,8,8,6,0,12,8,6,0,16,16,15,0,16,16,15,0,15,0,26,26,15,0,26,26,13,6,2,0,15,0,38,38,15,0,38,15,0,45,0,38,0,0,2,
0,1,0,2,2,0,5,2,0,8,8,6,0,12,8,6,0,16,16,15,0,16,16,15,0,15,0,26,26,15,0,26,26,13,6,2,0,15,0,38,38,15,0,38,15,0,45,0,38,0,0,1,
0,1,0,2,2,0,5,2,0,8,8,6,0,12,8,6,0,16,16,15,0,16,16,15,0,15,0,26,26,15,0,26,26,13,6,2,0,15,0,38,38,15,0,38,15,0,45,0,38,0,0,0,
0,1,0,2,2,0,5,2,0,8,8,6,0,12,8,6,0,16,16,15,0,16,16,15,0,15,0,26,26,15,0,26,26,13,6,2,0,15,0,38,38,15,0,38,15,0,45,0,15,
0,1,0,2,2,0,5,2,0,8,8,6,0,12,8,6,0,16,16,15,0,16,16,15,0,15,0,26,26,15,0,26,26,13,6,2,0,15,0,38,38,15,0,38,15,0,45,0,15,0,
0,1,0,2,2,0,5,2,0,8,8,6,0,12,8,6,0,16,16,15,0,16,16,15,0,15,0,26,26,15,0,26,26,13,6,2,0,15,0,38,38,15,0,38,15,0,45,0,15,0,49,
0,1,0,2,2,0,5,2,0,8,8,6,0,12,8,6,0,16,16,15,0,16,16,15,0,15,0,26,26,15,0,26,26,13,6,2,0,15,0,38,38,15,0,38,15,0,45,0,15,0,49,49,
0,1,0,2,2,0,5,2,0,8,8,6,0,12,8,6,0,16,16,15,0,16,16,15,0,15,0,26,26,15,0,26,26,13,6,2,0,15,0,38,38,15,0,38,15,0,43,15,0,43,13,2,
0,1,0,2,2,0,5,2,0,8,8,6,0,12,8,6,0,16,16,15,0,16,16,15,0,15,0,26,26,15,0,26,26,13,6,2,0,15,0,38,38,15,0,38,15,0,43,15,0,43,13,1,
0,1,0,2,2,0,5,2,0,8,8,6,0,12,8,6,0,16,16,15,0,16,16,15,0,15,0,26,26,15,0,26,26,13,6,2,0,15,0,38,38,15,0,38,15,0,45,45,13,2,0,48,
0,1,0,2,2,0,5,2,0,8,8,6,0,12,8,6,0,16,16,15,0,16,16,15,0,15,0,26,26,15,0,26,26,13,6,2,0,15,0,38,38,15,0,38,15,0,43,15,0,43,13,0,
0,1,0,2,2,0,5,2,0,8,8,6,0,12,8,6,0,16,16,15,0,16,16,15,0,15,0,26,26,15,0,26,26,13,6,2,0,15,0,38,38,15,0,38,15,0,45,0,15,0,49,48,
0,1,0,2,2,0,5,2,0,8,8,6,0,12,8,6,0,16,16,15,0,16,16,15,0,15,0,26,26,15,0,26,26,13,6,2,0,15,0,38,38,15,0,38,15,0,45,43,14,6,0,49,
0,1,0,2,2,0,5,2,0,8,8,6,0,12,8,6,0,16,16,15,0,16,16,15,0,15,0,26,26,15,0,26,26,13,6,2,0,15,0,38,38,15,0,38,15,0,45,0,15,0,49,0,
0,1,0,2,2,0,5,2,0,8,8,6,0,12,8,6,0,16,16,15,0,16,16,15,0,15,0,26,26,15,0,26,26,13,6,2,0,15,0,38,38,15,0,38,15,0,43,15,0,43,0,
0,1,0,2,2,0,5,2,0,8,8,6,0,12,8,6,0,16,16,15,0,16,16,15,0,15,0,26,26,15,0,26,26,13,6,2,0,15,0,38,38,15,0,38,15,0,43,15,0,43,0,12,
0,1,0,2,2,0,5,2,0,8,8,6,0,12,8,6,0,16,16,15,0,16,16,15,0,15,0,26,26,15,0,26,26,13,6,2,0,15,0,38,38,15,0,38,15,0,45,0,15,0,48,
0,1,0,2,2,0,5,2,0,8,8,6,0,12,8,6,0,16,16,15,0,16,16,15,0,15,0,26,26,15,0,26,26,13,6,2,0,15,0,38,38,15,0,38,15,0,45,0,15,0,48,0,
0,1,0,2,2,0,5,2,0,8,8,6,0,12,8,6,0,16,16,15,0,16,16,15,0,15,0,26,26,15,0,26,26,13,6,2,0,15,0,38,38,15,0,38,15,0,45,43,14,6,0,48,
0,1,0,2,2,0,5,2,0,8,8,6,0,12,8,6,0,16,16,15,0,16,16,15,0,15,0,26,26,15,0,26,26,13,6,2,0,15,0,38,38,15,0,38,15,0,45,0,15,0,0,
0,1,0,2,2,0,5,2,0,8,8,6,0,12,8,6,0,16,16,15,0,16,16,15,0,15,0,26,26,15,0,26,26,13,6,2,0,15,0,38,38,15,0,38,15,0,45,0,15,0,0,15,
0,1,0,2,2,0,5,2,0,8,8,6,0,12,8,6,0,16,16,15,0,16,16,15,0,15,0,26,26,15,0,26,26,13,6,2,0,15,0,38,38,15,0,38,15,0,43,15,0,43,0,6,
0,1,0,2,2,0,5,2,0,8,8,6,0,12,8,6,0,16,16,15,0,16,16,15,0,15,0,26,26,15,0,26,26,13,6,2,0,15,0,38,38,15,0,38,15,0,45,0,15,0,0,14,
0,1,0,2,2,0,5,2,0,8,8,6,0,12,8,6,0,16,16,15,0,16,16,15,0,15,0,26,26,15,0,26,26,13,6,2,0,15,0,38,38,15,0,38,15,0,45,45,13,2,0,47,
0,1,0,2,2,0,5,2,0,8,8,6,0,12,8,6,0,16,16,15,0,16,16,15,0,15,0,26,26,15,0,26,26,13,6,2,0,15,0,38,38,15,0,38,15,0,43,15,0,43,0,0,
0,1,0,2,2,0,5,2,0,8,8,6,0,12,8,6,0,16,16,15,0,16,16,15,0,15,0,26,26,15,0,26,26,13,6,2,0,15,0,38,38,15,0,38,15,0,45,0,15,0,0,13,
0,1,0,2,2,0,5,2,0,8,8,6,0,12,8,6,0,16,16,15,0,16,16,15,0,15,0,26,26,15,0,26,26,13,6,2,0,15,0,38,38,15,0,38,15,0,45,43,14,6,0,47,
0,1,0,2,2,0,5,2,0,8,8,6,0,12,8,6,0,16,16,15,0,16,16,15,0,15,0,26,26,15,0,26,26,13,6,2,0,15,0,38,38,15,0,38,15,0,43,15,0,0,
0,1,0,2,2,0,5,2,0,8,8,6,0,12,8,6,0,16,16,15,0,16,16,15,0,15,0,26,26,15,0,26,26,13,6,2,0,15,0,38,38,15,0,38,15,0,43,15,0,0,38,
0,1,0,2,2,0,5,2,0,8,8,6,0,12,8,6,0,16,16,15,0,16,16,15,0,15,0,26,26,15,0,26,26,13,6,2,0,15,0,38,38,15,0,38,15,0,43,15,0,0,38,15,
0,1,0,2,2,0,5,2,0,8,8,6,0,12,8,6,0,16,16,15,0,16,16,15,0,15,0,26,26,15,0,26,26,13,6,2,0,15,0,38,38,15,0,38,15,0,43,15,0,0,38,14,
0,1,0,2,2,0,5,2,0,8,8,6,0,12,8,6,0,16,16,15,0,16,16,15,0,15,0,26,26,15,0,26,26,13,6,2,0,15,0,38,38,15,0,38,15,0,45,0,15,0,0,0,
0,1,0,2,2,0,5,2,0,8,8,6,0,12,8,6,0,16,16,15,0,16,16,15,0,15,0,26,26,15,0,26,26,13,6,2,0,15,0,38,38,15,0,38,15,0,45,0,14,
0,1,0,2,2,0,5,2,0,8,8,6,0,12,8,6,0,16,16,15,0,16,16,15,0,15,0,26,26,15,0,26,26,13,6,2,0,15,0,38,38,15,0,38,15,0,45,0,14,6,
0,1,0,2,2,0,5,2,0,8,8,6,0,12,8,6,0,16,16,15,0,16,16,15,0,15,0,26,26,15,0,26,26,13,6,2,0,15,0,38,38,15,0,38,15,0,45,0,14,6,0,
0,1,0,2,2,0,5,2,0,8,8,6,0,12,8,6,0,16,16,15,0,16,16,15,0,15,0,26,26,15,0,26,26,13,6,2,0,15,0,38,38,15,0,38,15,0,45,0,14,6,0,50,
0,1,0,2,2,0,5,2,0,8,8,6,0,12,8,6,0,16,16,15,0,16,16,15,0,15,0,26,26,15,0,26,26,13,6,2,0,15,0,38,38,15,0,38,15,0,43,15,0,0,38,13,
0,1,0,2,2,0,5,2,0,8,8,6,0,12,8,6,0,16,16,15,0,16,16,15,0,15,0,26,26,15,0,26,26,13,6,2,0,15,0,38,38,15,0,38,15,0,45,45,13,2,0,45,
0,1,0,2,2,0,5,2,0,8,8,6,0,12,8,6,0,16,16,15,0,16,16,15,0,15,0,26,26,15,0,26,26,13,6,2,0,15,0,38,38,15,0,38,15,0,45,43,14,6,0,46,
0,1,0,2,2,0,5,2,0,8,8,6,0,12,8,6,0,16,16,15,0,16,16,15,0,15,0,26,26,15,0,26,26,13,6,2,0,15,0,38,38,15,0,38,15,0,45,0,14,6,0,49,
0,1,0,2,2,0,5,2,0,8,8,6,0,12,8,6,0,16,16,15,0,16,16,15,0,15,0,26,26,15,0,26,26,13,6,2,0,15,0,38,38,15,0,38,15,0,45,0,14,6,0,48,
0,1,0,2,2,0,5,2,0,8,8,6,0,12,8,6,0,16,16,15,0,16,16,15,0,15,0,26,26,15,0,26,26,13,6,2,0,15,0,38,38,15,0,38,15,0,45,0,14,6,0,0,
0,1,0,2,2,0,5,2,0,8,8,6,0,12,8,6,0,16,16,15,0,16,16,15,0,15,0,26,26,15,0,26,26,13,6,2,0,15,0,38,38,15,0,38,15,0,45,43,14,6,0,0,
0,1,0,2,2,0,5,2,0,8,8,6,0,12,8,6,0,16,16,15,0,16,16,15,0,15,0,26,26,15,0,26,26,13,6,2,0,15,0,38,38,15,0,38,15,0,45,0,14,0,
0,1,0,2,2,0,5,2,0,8,8,6,0,12,8,6,0,16,16,15,0,16,16,15,0,15,0,26,26,15,0,26,26,13,6,2,0,15,0,38,38,15,0,38,15,0,45,0,14,0,5,
0,1,0,2,2,0,5,2,0,8,8,6,0,12,8,6,0,16,16,15,0,16,16,15,0,15,0,26,26,15,0,26,26,13,6,2,0,15,0,38,38,15,0,38,15,0,45,0,14,0,5,2,
0,1,0,2,2,0,5,2,0,8,8,6,0,12,8,6,0,16,16,15,0,16,16,15,0,15,0,26,26,15,0,26,26,13,6,2,0,15,0,38,38,15,0,38,15,0,43,15,0,0,38,0,
0,1,0,2,2,0,5,2,0,8,8,6,0,12,8,6,0,16,16,15,0,16,16,15,0,15,0,26,26,15,0,26,26,13,6,2,0,15,0,38,38,15,0,38,15,0,45,0,14,0,5,1,
0,1,0,2,2,0,5,2,0,8,8,6,0,12,8,6,0,16,16,15,0,16,16,15,0,15,0,26,26,15,0,26,26,13,6,2,0,15,0,38,38,15,0,38,15,0,45,0,14,0,5,0,
0,1,0,2,2,0,5,2,0,8,8,6,0,12,8,6,0,16,16,15,0,16,16,15,0,15,0,26,26,15,0,26,26,13,6,2,0,15,0,38,38,15,0,38,15,0,43,15,0,0,15,
0,1,0,2,2,0,5,2,0,8,8,6,0,12,8,6,0,16,16,15,0,16,16,15,0,15,0,26,26,15,0,26,26,13,6,2,0,15,0,38,38,15,0,38,15,0,43,15,0,0,15,0,
0,1,0,2,2,0,5,2,0,8,8,6,0,12,8,6,0,16,16,15,0,16,16,15,0,15,0,26,26,15,0,26,26,13,6,2,0,15,0,38,38,15,0,38,15,0,45,0,14,0,2,
0,1,0,2,2,0,5,2,0,8,8,6,0,12,8,6,0,16,16,15,0,16,16,15,0,15,0,26,26,15,0,26,26,13,6,2,0,15,0,38,38,15,0,38,15,0,45,0,14,0,2,0,
0,1,0,2,2,0,5,2,0,8,8,6,0,12,8,6,0,16,16,15,0,16,16,15,0,15,0,26,26,15,0,26,26,13,6,2,0,15,0,38,38,15,0,38,15,0,45,0,14,0,1,
0,1,0,2,2,0,5,2,0,8,8,6,0,12,8,6,0,16,16,15,0,16,16,15,0,15,0,26,26,15,0,26,26,13,6,2,0,15,0,38,38,15,0,38,15,0,45,0,14,0,1,0,
0,1,0,2,2,0,5,2,0,8,8,6,0,12,8,6,0,16,16,15,0,16,16,15,0,15,0,26,26,15,0,26,26,13,6,2,0,15,0,38,38,15,0,38,15,0,45,0,14,0,0,
0,1,0,2,2,0,5,2,0,8,8,6,0,12,8,6,0,16,16,15,0,16,16,15,0,15,0,26,26,15,0,26,26,13,6,2,0,15,0,38,38,15,0,38,15,0,45,0,14,0,0,51,
0,1,0,2,2,0,5,2,0,8,8,6,0,12,8,6,0,16,16,15,0,16,16,15,0,15,0,26,26,15,0,26,26,13,6,2,0,15,0,38,38,15,0,38,15,0,45,0,14,0,0,50,
0,1,0,2,2,0,5,2,0,8,8,6,0,12,8,6,0,16,16,15,0,16,16,15,0,15,0,26,26,15,0,26,26,13,6,2,0,15,0,38,38,15,0,38,15,0,45,0,14,0,0,0,
0,1,0,2,2,0,5,2,0,8,8,6,0,12,8,6,0,16,16,15,0,16,16,15,0,15,0,26,26,15,0,26,26,13,6,2,0,15,0,38,38,15,0,38,15,0,45,0,13,
0,1,0,2,2,0,5,2,0,8,8,6,0,12,8,6,0,16,16,15,0,16,16,15,0,15,0,26,26,15,0,26,26,13,6,2,0,15,0,38,38,15,0,38,15,0,45,0,13,8,
0,1,0,2,2,0,5,2,0,8,8,6,0,12,8,6,0,16,16,15,0,16,16,15,0,15,0,26,26,15,0,26,26,13,6,2,0,15,0,38,38,15,0,38,15,0,45,0,13,8,6,
0,1,0,2,2,0,5,2,0,8,8,6,0,12,8,6,0,16,16,15,0,16,16,15,0,15,0,26,26,15,0,26,26,13,6,2,0,15,0,38,38,15,0,38,15,0,45,0,13,8,6,0,
0,1,0,2,2,0,5,2,0,8,8,6,0,12,8,6,0,16,16,15,0,16,16,15,0,15,0,26,26,15,0,26,26,13,6,2,0,15,0,38,38,15,0,38,15,0,43,15,0,0,14,
0,1,0,2,2,0,5,2,0,8,8,6,0,12,8,6,0,16,16,15,0,16,16,15,0,15,0,26,26,15,0,26,26,13,6,2,0,15,0,38,38,15,0,38,15,0,43,15,0,0,14,6,
0,1,0,2,2,0,5,2,0,8,8,6,0,12,8,6,0,16,16,15,0,16,16,15,0,15,0,26,26,15,0,26,26,13,6,2,0,15,0,38,38,15,0,38,15,0,45,45,13,2,0,44,
0,1,0,2,2,0,5,2,0,8,8,6,0,12,8,6,0,16,16,15,0,16,16,15,0,15,0,26,26,15,0,26,26,13,6,2,0,15,0,38,38,15,0,38,15,0,45,43,14,0,
0,1,0,2,2,0,5,2,0,8,8,6,0,12,8,6,0,16,16,15,0,16,16,15,0,15,0,26,26,15,0,26,26,13,6,2,0,15,0,38,38,15,0,38,15,0,45,43,14,0,5,
0,1,0,2,2,0,5,2,0,8,8,6,0,12,8,6,0,16,16,15,0,16,16,15,0,15,0,26,26,15,0,26,26,13,6,2,0,15,0,38,38,15,0,38,15,0,45,43,14,0,5,2,
0,1,0,2,2,0,5,2,0,8,8,6,0,12,8,6,0,16,16,15,0,16,16,15,0,15,0,26,26,15,0,26,26,13,6,2,0,15,0,38,38,15,0,38,15,0,43,15,0,0,14,0,
0,1,0,2,2,0,5,2,0,8,8,6,0,12,8,6,0,16,16,15,0,16,16,15,0,15,0,26,26,15,0,26,26,13,6,2,0,15,0,38,38,15,0,38,15,0,45,43,14,0,5,1,
0,1,0,2,2,0,5,2,0,8,8,6,0,12,8,6,0,16,16,15,0,16,16,15,0,15,0,26,26,15,0,26,26,13,6,2,0,15,0,38,38,15,0,38,15,0,43,15,0,0,13,
0,1,0,2,2,0,5,2,0,8,8,6,0,12,8,6,0,16,16,15,0,16,16,15,0,15,0,26,26,15,0,26,26,13,6,2,0,15,0,38,38,15,0,38,15,0,43,15,0,0,13,8,
0,1,0,2,2,0,5,2,0,8,8,6,0,12,8,6,0,16,16,15,0,16,16,15,0,15,0,26,26,15,0,26,26,13,6,2,0,15,0,38,38,15,0,38,15,0,45,43,14,0,5,0,
0,1,0,2,2,0,5,2,0,8,8,6,0,12,8,6,0,16,16,15,0,16,16,15,0,15,0,26,26,15,0,26,26,13,6,2,0,15,0,38,38,15,0,38,15,0,45,45,13,2,0,43,
0,1,0,2,2,0,5,2,0,8,8,6,0,12,8,6,0,16,16,15,0,16,16,15,0,15,0,26,26,15,0,26,26,13,6,2,0,15,0,38,38,15,0,38,15,0,45,43,14,0,2,
0,1,0,2,2,0,5,2,0,8,8,6,0,12,8,6,0,16,16,15,0,16,16,15,0,15,0,26,26,15,0,26,26,13,6,2,0,15,0,38,38,15,0,38,15,0,45,43,14,0,2,0,
0,1,0,2,2,0,5,2,0,8,8,6,0,12,8,6,0,16,16,15,0,16,16,15,0,15,0,26,26,15,0,26,26,13,6,2,0,15,0,38,38,15,0,38,15,0,43,15,0,0,13,2,
0,1,0,2,2,0,5,2,0,8,8,6,0,12,8,6,0,16,16,15,0,16,16,15,0,15,0,26,26,15,0,26,26,13,6,2,0,15,0,38,38,15,0,38,15,0,45,43,14,0,1,
0,1,0,2,2,0,5,2,0,8,8,6,0,12,8,6,0,16,16,15,0,16,16,15,0,15,0,26,26,15,0,26,26,13,6,2,0,15,0,38,38,15,0,38,15,0,45,43,14,0,1,0,
0,1,0,2,2,0,5,2,0,8,8,6,0,12,8,6,0,16,16,15,0,16,16,15,0,15,0,26,26,15,0,26,26,13,6,2,0,15,0,38,38,15,0,38,15,0,45,0,13,8,0,
0,1,0,2,2,0,5,2,0,8,8,6,0,12,8,6,0,16,16,15,0,16,16,15,0,15,0,26,26,15,0,26,26,13,6,2,0,15,0,38,38,15,0,38,15,0,45,0,13,8,0,5,
0,1,0,2,2,0,5,2,0,8,8,6,0,12,8,6,0,16,16,15,0,16,16,15,0,15,0,26,26,15,0,26,26,13,6,2,0,15,0,38,38,15,0,38,15,0,45,43,14,0,0,
0,1,0,2,2,0,5,2,0,8,8,6,0,12,8,6,0,16,16,15,0,16,16,15,0,15,0,26,26,15,0,26,26,13,6,2,0,15,0,38,38,15,0,38,15,0,45,43,14,0,0,51,
0,1,0,2,2,0,5,2,0,8,8,6,0,12,8,6,0,16,16,15,0,16,16,15,0,15,0,26,26,15,0,26,26,13,6,2,0,15,0,38,38,15,0,38,15,0,45,43,14,0,0,50,
0,1,0,2,2,0,5,2,0,8,8,6,0,12,8,6,0,16,16,15,0,16,16,15,0,15,0,26,26,15,0,26,26,13,6,2,0,15,0,38,38,15,0,38,15,0,45,43,14,0,0,0,
0,1,0,2,2,0,5,2,0,8,8,6,0,12,8,6,0,16,16,15,0,16,16,15,0,15,0,26,26,15,0,26,26,13,6,2,0,15,0,38,38,15,0,38,15,0,45,43,13,
0,1,0,2,2,0,5,2,0,8,8,6,0,12,8,6,0,16,16,15,0,16,16,15,0,15,0,26,26,15,0,26,26,13,6,2,0,15,0,38,38,15,0,38,15,0,45,43,13,8,
0,1,0,2,2,0,5,2,0,8,8,6,0,12,8,6,0,16,16,15,0,16,16,15,0,15,0,26,26,15,0,26,26,13,6,2,0,15,0,38,38,15,0,38,15,0,45,43,13,8,6,
0,1,0,2,2,0,5,2,0,8,8,6,0,12,8,6,0,16,16,15,0,16,16,15,0,15,0,26,26,15,0,26,26,13,6,2,0,15,0,38,38,15,0,38,15,0,45,43,13,8,6,0,
0,1,0,2,2,0,5,2,0,8,8,6,0,12,8,6,0,16,16,15,0,16,16,15,0,15,0,26,26,15,0,26,26,13,6,2,0,15,0,38,38,15,0,38,15,0,43,15,0,0,13,1,
0,1,0,2,2,0,5,2,0,8,8,6,0,12,8,6,0,16,16,15,0,16,16,15,0,15,0,26,26,15,0,26,26,13,6,2,0,15,0,38,38,15,0,38,15,0,45,0,13,8,0,2,
0,1,0,2,2,0,5,2,0,8,8,6,0,12,8,6,0,16,16,15,0,16,16,15,0,15,0,26,26,15,0,26,26,13,6,2,0,15,0,38,38,15,0,38,15,0,43,15,0,0,13,0,
0,1,0,2,2,0,5,2,0,8,8,6,0,12,8,6,0,16,16,15,0,16,16,15,0,15,0,26,26,15,0,26,26,13,6,2,0,15,0,38,38,15,0,38,15,0,45,0,13,8,0,1,
0,1,0,2,2,0,5,2,0,8,8,6,0,12,8,6,0,16,16,15,0,16,16,15,0,15,0,26,26,15,0,26,26,13,6,2,0,15,0,38,38,15,0,38,15,0,45,0,13,8,0,0,
0,1,0,2,2,0,5,2,0,8,8,6,0,12,8,6,0,16,16,15,0,16,16,15,0,15,0,26,26,15,0,26,26,13,6,2,0,15,0,38,38,15,0,38,15,0,45,0,13,2,
0,1,0,2,2,0,5,2,0,8,8,6,0,12,8,6,0,16,16,15,0,16,16,15,0,15,0,26,26,15,0,26,26,13,6,2,0,15,0,38,38,15,0,38,15,0,45,0,13,2,0,
0,1,0,2,2,0,5,2,0,8,8,6,0,12,8,6,0,16,16,15,0,16,16,15,0,15,0,26,26,15,0,26,26,13,6,2,0,15,0,38,38,15,0,38,15,0,45,0,13,2,0,50,
0,1,0,2,2,0,5,2,0,8,8,6,0,12,8,6,0,16,16,15,0,16,16,15,0,15,0,26,26,15,0,26,26,13,6,2,0,15,0,38,38,15,0,38,15,0,43,15,0,0,0,
0,1,0,2,2,0,5,2,0,8,8,6,0,12,8,6,0,16,16,15,0,16,16,15,0,15,0,26,26,15,0,26,26,13,6,2,0,15,0,38,38,15,0,38,15,0,43,15,0,0,0,12,
0,1,0,2,2,0,5,2,0,8,8,6,0,12,8,6,0,16,16,15,0,16,16,15,0,15,0,26,26,15,0,26,26,13,6,2,0,15,0,38,38,15,0,38,15,0,45,45,13,2,0,0,
0,1,0,2,2,0,5,2,0,8,8,6,0,12,8,6,0,16,16,15,0,16,16,15,0,15,0,26,26,15,0,26,26,13,6,2,0,15,0,38,38,15,0,38,15,0,43,15,0,0,0,6,
0,1,0,2,2,0,5,2,0,8,8,6,0,12,8,6,0,16,16,15,0,16,16,15,0,15,0,26,26,15,0,26,26,13,6,2,0,15,0,38,38,15,0,38,15,0,45,0,13,2,0,49,
0,1,0,2,2,0,5,2,0,8,8,6,0,12,8,6,0,16,16,15,0,16,16,15,0,15,0,26,26,15,0,26,26,13,6,2,0,15,0,38,38,15,0,38,15,0,43,15,0,0,0,0,
0,1,0,2,2,0,5,2,0,8,8,6,0,12,8,6,0,16,16,15,0,16,16,15,0,15,0,26,26,15,0,26,26,13,6,2,0,15,0,38,38,15,0,38,15,0,45,0,13,2,0,48,
0,1,0,2,2,0,5,2,0,8,8,6,0,12,8,6,0,16,16,15,0,16,16,15,0,15,0,26,26,15,0,26,26,13,6,2,0,15,0,38,38,15,0,38,15,0,43,14,
0,1,0,2,2,0,5,2,0,8,8,6,0,12,8,6,0,16,16,15,0,16,16,15,0,15,0,26,26,15,0,26,26,13,6,2,0,15,0,38,38,15,0,38,15,0,43,14,6,
0,1,0,2,2,0,5,2,0,8,8,6,0,12,8,6,0,16,16,15,0,16,16,15,0,15,0,26,26,15,0,26,26,13,6,2,0,15,0,38,38,15,0,38,15,0,43,14,6,0,
0,1,0,2,2,0,5,2,0,8,8,6,0,12,8,6,0,16,16,15,0,16,16,15,0,15,0,26,26,15,0,26,26,13,6,2,0,15,0,38,38,15,0,38,15,0,43,14,6,0,49,
0,1,0,2,2,0,5,2,0,8,8,6,0,12,8,6,0,16,16,15,0,16,16,15,0,15,0,26,26,15,0,26,26,13,6,2,0,15,0,38,38,15,0,38,15,0,43,14,6,0,49,49,
0,1,0,2,2,0,5,2,0,8,8,6,0,12,8,6,0,16,16,15,0,16,16,15,0,15,0,26,26,15,0,26,26,13,6,2,0,15,0,38,38,15,0,38,15,0,45,0,13,2,0,0,
0,1,0,2,2,0,5,2,0,8,8,6,0,12,8,6,0,16,16,15,0,16,16,15,0,15,0,26,26,15,0,26,26,13,6,2,0,15,0,38,38,15,0,38,15,0,45,0,13,1,
0,1,0,2,2,0,5,2,0,8,8,6,0,12,8,6,0,16,16,15,0,16,16,15,0,15,0,26,26,15,0,26,26,13,6,2,0,15,0,38,38,15,0,38,15,0,45,0,13,1,0,
0,1,0,2,2,0,5,2,0,8,8,6,0,12,8,6,0,16,16,15,0,16,16,15,0,15,0,26,26,15,0,26,26,13,6,2,0,15,0,38,38,15,0,38,15,0,45,0,13,1,0,50,
0,1,0,2,2,0,5,2,0,8,8,6,0,12,8,6,0,16,16,15,0,16,16,15,0,15,0,26,26,15,0,26,26,13,6,2,0,15,0,38,38,15,0,38,15,0,45,45,13,1,
0,1,0,2,2,0,5,2,0,8,8,6,0,12,8,6,0,16,16,15,0,16,16,15,0,15,0,26,26,15,0,26,26,13,6,2,0,15,0,38,38,15,0,38,15,0,45,45,13,1,0,
0,1,0,2,2,0,5,2,0,8,8,6,0,12,8,6,0,16,16,15,0,16,16,15,0,15,0,26,26,15,0,26,26,13,6,2,0,15,0,38,38,15,0,38,15,0,45,45,13,1,0,50,
0,1,0,2,2,0,5,2,0,8,8,6,0,12,8,6,0,16,16,15,0,16,16,15,0,15,0,26,26,15,0,26,26,13,6,2,0,15,0,38,38,15,0,38,15,0,45,0,13,1,0,49,
0,1,0,2,2,0,5,2,0,8,8,6,0,12,8,6,0,16,16,15,0,16,16,15,0,15,0,26,26,15,0,26,26,13,6,2,0,15,0,38,38,15,0,38,15,0,45,0,13,1,0,48,
0,1,0,2,2,0,5,2,0,8,8,6,0,12,8,6,0,16,16,15,0,16,16,15,0,15,0,26,26,15,0,26,26,13,6,2,0,15,0,38,38,15,0,38,15,0,45,0,13,1,0,0,
0,1,0,2,2,0,5,2,0,8,8,6,0,12,8,6,0,16,16,15,0,16,16,15,0,15,0,26,26,15,0,26,26,13,6,2,0,15,0,38,38,15,0,38,15,0,45,0,13,0,
0,1,0,2,2,0,5,2,0,8,8,6,0,12,8,6,0,16,16,15,0,16,16,15,0,15,0,26,26,15,0,26,26,13,6,2,0,15,0,38,38,15,0,38,15,0,45,0,13,0,50,
0,1,0,2,2,0,5,2,0,8,8,6,0,12,8,6,0,16,16,15,0,16,16,15,0,15,0,26,26,15,0,26,26,13,6,2,0,15,0,38,38,15,0,38,15,0,45,0,13,0,50,0,
0,1,0,2,2,0,5,2,0,8,8,6,0,12,8,6,0,16,16,15,0,16,16,15,0,15,0,26,26,15,0,26,26,13,6,2,0,15,0,38,38,15,0,38,15,0,45,0,13,0,49,
0,1,0,2,2,0,5,2,0,8,8,6,0,12,8,6,0,16,16,15,0,16,16,15,0,15,0,26,26,15,0,26,26,13,6,2,0,15,0,38,38,15,0,38,15,0,45,0,13,0,49,49,
